// Jest Snapshot v1, https://goo.gl/fbAQLP

exports[`Boolean should take an optional config argument 1`] = `"InternalError: the configuration is invalid, allowed keys are allowEmpty, throwOnInvalid, and type"`;

exports[`Boolean should take an optional message argument 1`] = `"InternalError: message must be a string or a function"`;
