// Jest Snapshot v1, https://goo.gl/fbAQLP

exports[`readOnlyVariable should throw an error if someone tries to write to the variable 1`] = `"InternalError: prop is read only"`;
