// Jest Snapshot v1, https://goo.gl/fbAQLP

exports[`validateFnEnforcement should throw an error 1`] = `"InternalError: validateFn must be a function"`;

exports[`validateFnEnforcement should throw an error 2`] = `"InternalError: validateFn must be a function"`;
