// Jest Snapshot v1, https://goo.gl/fbAQLP

exports[`BaseClass should prevent the constructor from being called like a function 1`] = `"ClassError: Cannot call a class as a function"`;
