// Jest Snapshot v1, https://goo.gl/fbAQLP

exports[`Builder should be a static class 1`] = `"ClassError: Cannot call a class as a function"`;

exports[`Builder should be a static class 2`] = `"ClassError: Static classes cannot be instantiated"`;
