// Jest Snapshot v1, https://goo.gl/fbAQLP

exports[`Context should be an abstract class 1`] = `"ClassError: Cannot call a class as a function"`;

exports[`Context should be an abstract class 2`] = `"ClassError: Abstract classes cannot be instantiated"`;
