// Jest Snapshot v1, https://goo.gl/fbAQLP

exports[`iLexer should throw an error if the config is invalid 1`] = `
"ClassError: Runtime Interface Error
tokenizers: Expected Array
skips: Expected Array
ctx: Expected LexerContext"
`;
