// Jest Snapshot v1, https://goo.gl/fbAQLP

exports[`Token should be a class 1`] = `"ClassError: Cannot call a class as a function"`;

exports[`Token should require a type parameter 1`] = `"ValidationError: type must be a string"`;

exports[`Token should require a type parameter 2`] = `"ValidationError: type must be a string"`;
