// Jest Snapshot v1, https://goo.gl/fbAQLP

exports[`interfaceLoader should not be callable as a function 1`] = `"ClassError: Cannot call an interface as a function"`;

exports[`interfaceLoader should not be instantiable 1`] = `"ClassError: Interfaces are not constructors"`;
