// Jest Snapshot v1, https://goo.gl/fbAQLP

exports[`ArrayValidation should be a class 1`] = `"ClassError: Cannot call a class as a function"`;
