// Jest Snapshot v1, https://goo.gl/fbAQLP

exports[`BaseValidation should be an abstract class 1`] = `"ClassError: Abstract classes cannot be instantiated"`;

exports[`BaseValidation should be an abstract class 2`] = `"ClassError: Cannot call a class as a function"`;
