// Jest Snapshot v1, https://goo.gl/fbAQLP

exports[`iTyped should throw an error if the config is invalid 1`] = `
"ClassError: Runtime Interface Error
type: Expected Type"
`;
